1000
33
0 32 0
1 31 1
1 31 2
1 31 3
1 31 4
1 31 5
1 31 6
1 31 7
1 31 8
1 31 9
1 31 10
1 31 11
1 31 12
1 31 13
1 31 14
1 31 15
1 31 16
1 31 17
1 31 18
1 31 19
1 31 20
1 31 21
1 31 22
1 31 23
1 31 24
1 31 25
1 31 26
1 31 27
1 31 28
1 31 29
1 31 30
1 32 31
0 8 32
33
0 32 0
1 31 1
1 31 2
1 31 3
1 31 4
1 31 5
1 31 6
1 31 7
1 32 8
1 30 9
1 30 10
1 30 11
1 30 12
1 30 13
1 30 14
1 30 15
1 30 16
1 30 17
1 30 18
1 30 19
1 30 20
1 30 21
1 30 22
1 30 23
1 30 24
1 30 25
1 30 26
1 30 27
1 30 28
1 30 29
1 30 30
1 30 31
0 31 32
1942
