1000
20
0 10 0
11 21 0
22 32 0
33 43 0
44 54 0
55 65 0
66 76 0
77 87 0
88 98 0
99 109 0
0 10 10
11 21 10
22 32 10
33 43 10
44 54 10
55 65 10
66 76 10
77 87 10
88 98 10
99 109 10
20
0 10 0
0 10 10
0 10 11
0 10 21
0 10 22
0 10 32
0 10 33
0 10 43
0 10 44
0 10 54
0 10 55
0 10 65
0 10 66
0 10 76
0 10 77
0 10 87
0 10 88
0 10 98
0 10 99
0 10 109
400
