2000
2
0 1000 0
0 1000 2
3
0 2 0
0 2 999
0 2 1000
2006